container
technology
megacorpone
nanotechnology
Bootstrap
experience
debugging
navigation
fictitious
Offensive
footerwrap
JavaScript
technologies
available
Nanotechnology
opportunities
impossible
engineered
competition
nanomedicines
regeneration
applications
Regeneration
Supplements
Micromachine
Cyberisation
Nanoprobe
Assimilation
Dispersal
regulated
goverment
environmental
plaintiffs
nominated
Literature
Department
HEADERWRAP
Envisioning
Redefined
headerwrap
exhaustive
development
Everything
prototype
Nanoprocessors
MegaCorpOne
nanoprocessors
requested
Executive
Positions
Administrator
Applicant
understand
responsible
administration
Representative
integrated
government
currencies
Investment
agrofield
Departments
Resources
installation
conditions
solutions
networking
substances
Representatives
demonstrable
situations
Compliance
Enforcement
encounters
individuals
Employees
chocolate
EXECUTIVE
TomHudsonMCO
DEVELOPER
TanyaRiveraMCO
MARKETING
MattSmithMCO
specializes
disruptive
innovation
standards
electronic
assessment
independent
encourage
brightest
increasing
NanoTimes
inseparable
framework
processor
artificially
engineering
contracts
expectations
frustrated
providing
processors
substantially
industries
everything
customers
separated
restrictions
advancement
Opportunities
blockchain
information
